// Jest Snapshot v1, https://goo.gl/fbAQLP

exports[`NotFound matches snapshot 1`] = `
<h1 class="text-4xl sm:text-5xl lg:text-6xl font-extrabold tracking-tight text-red-800">Page not found</h1>
<div class="mt-6 mb-20 max-w-3xl text-xl">
  <p>Something has gone wrong...</p>
</div>
`;
